// Jest Snapshot v1, https://goo.gl/fbAQLP

exports[`<RegisterEmail /> matches snapshot 1`] = `
<form
  className="MuiPaper-root MuiPaper-elevation MuiPaper-rounded MuiPaper-elevation1 css-1waotp6-MuiPaper-root"
  noValidate={true}
  onSubmit={[Function]}
>
  <div
    className="MuiInputBase-root MuiInputBase-colorPrimary MuiInputBase-fullWidth css-13bnupw-MuiInputBase-root"
    onClick={[Function]}
  >
    <input
      aria-invalid={false}
      className="MuiInputBase-input css-yz9k0d-MuiInputBase-input"
      data-testid="emailInput"
      inputMode="email"
      onAnimationStart={[Function]}
      onBlur={[Function]}
      onChange={[Function]}
      onFocus={[Function]}
      type="text"
      value=""
    />
  </div>
  <button
    className="MuiButton-root MuiButton-contained MuiButton-containedSuccess MuiButton-sizeMedium MuiButton-containedSizeMedium MuiButtonBase-root css-ke5b6m-MuiButtonBase-root-MuiButton-root"
    data-testid="registerEmail"
    disabled={false}
    onBlur={[Function]}
    onClick={[Function]}
    onContextMenu={[Function]}
    onDragLeave={[Function]}
    onFocus={[Function]}
    onKeyDown={[Function]}
    onKeyUp={[Function]}
    onMouseDown={[Function]}
    onMouseLeave={[Function]}
    onMouseUp={[Function]}
    onTouchEnd={[Function]}
    onTouchMove={[Function]}
    onTouchStart={[Function]}
    tabIndex={0}
    type="button"
  >
    Cadastrar
  </button>
</form>
`;
