// Jest Snapshot v1, https://goo.gl/fbAQLP

exports[`<Login /> matches snapshot 1`] = `
<div>
  <div>
    <h1>
      Bem vindo!
    </h1>
  </div>
  <div />
</div>
`;
