// Jest Snapshot v1, https://goo.gl/fbAQLP

exports[`should match snapshot 1`] = `
<a
  className="MuiTypography-root MuiTypography-inherit MuiLink-root MuiLink-underlineAlways css-1rj4hyf-MuiTypography-root-MuiLink-root"
  onBlur={[Function]}
  onFocus={[Function]}
  to="test"
>
  Test Link
</a>
`;
