// Jest Snapshot v1, https://goo.gl/fbAQLP

exports[`common/components/Filters matches snapshot 1`] = `
<div
  className="MuiPaper-root MuiPaper-elevation MuiPaper-rounded MuiPaper-elevation1 MuiCard-root css-wlvy8x-MuiPaper-root-MuiCard-root"
  data-testid="filters"
>
  <div
    className="MuiBox-root css-19kzrtu"
  >
    <div
      className="MuiBox-root css-pcfq5i"
    >
      <div
        className="MuiBox-root css-1663l76"
      >
        <label
          className="MuiInputLabel-root MuiInputLabel-animated MuiFormLabel-root MuiFormLabel-colorPrimary css-9npbnl-MuiFormLabel-root-MuiInputLabel-root"
        >
          Tipo de Propriedade
        </label>
      </div>
      <div
        className="MuiOutlinedInput-root MuiInputBase-root MuiInputBase-colorPrimary MuiInputBase-fullWidth MuiInputBase-sizeSmall MuiSelect-root css-md26zr-MuiInputBase-root-MuiOutlinedInput-root"
        onClick={[Function]}
      >
        <div
          aria-expanded="false"
          aria-haspopup="listbox"
          className="MuiSelect-select MuiSelect-outlined MuiOutlinedInput-input MuiInputBase-input MuiInputBase-inputSizeSmall css-jedpe8-MuiSelect-select-MuiInputBase-input-MuiOutlinedInput-input"
          onBlur={[Function]}
          onFocus={[Function]}
          onKeyDown={[Function]}
          onMouseDown={[Function]}
          role="button"
          tabIndex={0}
        >
          <span
            className="notranslate"
            dangerouslySetInnerHTML={
              Object {
                "__html": "&#8203;",
              }
            }
          />
        </div>
        <input
          aria-hidden={true}
          className="MuiSelect-nativeInput css-yf8vq0-MuiSelect-nativeInput"
          data-testid="propertyKind"
          onAnimationStart={[Function]}
          onChange={[Function]}
          tabIndex={-1}
          value=""
        />
        <svg
          aria-hidden={true}
          className="MuiSvgIcon-root MuiSvgIcon-fontSizeMedium MuiSelect-icon MuiSelect-iconOutlined css-hfutr2-MuiSvgIcon-root-MuiSelect-icon"
          data-testid="ArrowDropDownIcon"
          focusable="false"
          viewBox="0 0 24 24"
        >
          <path
            d="M7 10l5 5 5-5z"
          />
        </svg>
        <fieldset
          aria-hidden={true}
          className="MuiOutlinedInput-notchedOutline css-1d3z3hw-MuiOutlinedInput-notchedOutline"
        >
          <legend
            className="css-1a1ihhj"
          >
            <span
              className="notranslate"
              dangerouslySetInnerHTML={
                Object {
                  "__html": "&#8203;",
                }
              }
            />
          </legend>
        </fieldset>
      </div>
    </div>
    <div
      className="MuiBox-root css-0"
    >
      <label
        className="MuiInputLabel-root MuiInputLabel-animated MuiFormLabel-root MuiFormLabel-colorPrimary css-9npbnl-MuiFormLabel-root-MuiInputLabel-root"
      >
        Área do Imóvel
      </label>
      <span
        className="MuiSlider-colorPrimary MuiSlider-sizeMedium MuiSlider-root css-187mznn-MuiSlider-root"
        data-testid="propertySize"
        onMouseDown={[Function]}
      >
        <span
          className="MuiSlider-rail css-14pt78w-MuiSlider-rail"
        />
        <span
          className="MuiSlider-track css-1gv0vcd-MuiSlider-track"
          style={
            Object {
              "left": "0%",
              "width": "100%",
            }
          }
        />
        <span
          className="MuiSlider-thumbColorPrimary MuiSlider-thumbSizeMedium MuiSlider-thumb css-eg0mwd-MuiSlider-thumb"
          data-index={0}
          onMouseLeave={[Function]}
          onMouseOver={[Function]}
          style={
            Object {
              "left": "0%",
              "pointerEvents": "none",
            }
          }
        >
          <input
            aria-orientation="horizontal"
            aria-valuemax={5000}
            aria-valuemin={10}
            aria-valuenow={10}
            data-index={0}
            disabled={false}
            max={5000}
            min={10}
            onBlur={[Function]}
            onChange={[Function]}
            onFocus={[Function]}
            step={100}
            style={
              Object {
                "border": 0,
                "clip": "rect(0 0 0 0)",
                "direction": "ltr",
                "height": "100%",
                "margin": -1,
                "overflow": "hidden",
                "padding": 0,
                "position": "absolute",
                "whiteSpace": "nowrap",
                "width": "100%",
              }
            }
            type="range"
            value={10}
          />
          <span
            aria-hidden={true}
            className="MuiSlider-valueLabel css-1kz0hui-MuiSlider-valueLabel"
          >
            <span
              className="MuiSlider-valueLabelCircle"
            >
              <span
                className="MuiSlider-valueLabelLabel"
              >
                10ah
              </span>
            </span>
          </span>
        </span>
        <span
          className="MuiSlider-thumbColorPrimary MuiSlider-thumbSizeMedium MuiSlider-thumb css-eg0mwd-MuiSlider-thumb"
          data-index={1}
          onMouseLeave={[Function]}
          onMouseOver={[Function]}
          style={
            Object {
              "left": "100%",
              "pointerEvents": "none",
            }
          }
        >
          <input
            aria-orientation="horizontal"
            aria-valuemax={5000}
            aria-valuemin={10}
            aria-valuenow={5000}
            data-index={1}
            disabled={false}
            max={5000}
            min={10}
            onBlur={[Function]}
            onChange={[Function]}
            onFocus={[Function]}
            step={100}
            style={
              Object {
                "border": 0,
                "clip": "rect(0 0 0 0)",
                "direction": "ltr",
                "height": "100%",
                "margin": -1,
                "overflow": "hidden",
                "padding": 0,
                "position": "absolute",
                "whiteSpace": "nowrap",
                "width": "100%",
              }
            }
            type="range"
            value={5000}
          />
          <span
            aria-hidden={true}
            className="MuiSlider-valueLabel css-1kz0hui-MuiSlider-valueLabel"
          >
            <span
              className="MuiSlider-valueLabelCircle"
            >
              <span
                className="MuiSlider-valueLabelLabel"
              >
                5000ah
              </span>
            </span>
          </span>
        </span>
      </span>
    </div>
    <div
      className="MuiBox-root css-pcfq5i"
    >
      <div
        className="MuiBox-root css-1663l76"
      >
        <label
          className="MuiInputLabel-root MuiInputLabel-animated MuiFormLabel-root MuiFormLabel-colorPrimary css-9npbnl-MuiFormLabel-root-MuiInputLabel-root"
        >
          Estado
        </label>
      </div>
      <div
        className="MuiOutlinedInput-root MuiInputBase-root MuiInputBase-colorPrimary MuiInputBase-fullWidth MuiInputBase-sizeSmall MuiSelect-root css-md26zr-MuiInputBase-root-MuiOutlinedInput-root"
        onClick={[Function]}
      >
        <div
          aria-expanded="false"
          aria-haspopup="listbox"
          className="MuiSelect-select MuiSelect-outlined MuiOutlinedInput-input MuiInputBase-input MuiInputBase-inputSizeSmall css-jedpe8-MuiSelect-select-MuiInputBase-input-MuiOutlinedInput-input"
          onBlur={[Function]}
          onFocus={[Function]}
          onKeyDown={[Function]}
          onMouseDown={[Function]}
          role="button"
          tabIndex={0}
        >
          <span
            className="notranslate"
            dangerouslySetInnerHTML={
              Object {
                "__html": "&#8203;",
              }
            }
          />
        </div>
        <input
          aria-hidden={true}
          className="MuiSelect-nativeInput css-yf8vq0-MuiSelect-nativeInput"
          data-testid="state"
          onAnimationStart={[Function]}
          onChange={[Function]}
          tabIndex={-1}
          value=""
        />
        <svg
          aria-hidden={true}
          className="MuiSvgIcon-root MuiSvgIcon-fontSizeMedium MuiSelect-icon MuiSelect-iconOutlined css-hfutr2-MuiSvgIcon-root-MuiSelect-icon"
          data-testid="ArrowDropDownIcon"
          focusable="false"
          viewBox="0 0 24 24"
        >
          <path
            d="M7 10l5 5 5-5z"
          />
        </svg>
        <fieldset
          aria-hidden={true}
          className="MuiOutlinedInput-notchedOutline css-1d3z3hw-MuiOutlinedInput-notchedOutline"
        >
          <legend
            className="css-1a1ihhj"
          >
            <span
              className="notranslate"
              dangerouslySetInnerHTML={
                Object {
                  "__html": "&#8203;",
                }
              }
            />
          </legend>
        </fieldset>
      </div>
    </div>
    <div
      className="MuiBox-root css-0"
    >
      <label
        className="MuiInputLabel-root MuiInputLabel-animated MuiFormLabel-root MuiFormLabel-colorPrimary css-9npbnl-MuiFormLabel-root-MuiInputLabel-root"
      >
        Intervalo de Preço
      </label>
      <span
        className="MuiSlider-colorPrimary MuiSlider-sizeMedium MuiSlider-root css-187mznn-MuiSlider-root"
        data-testid="amount"
        onMouseDown={[Function]}
      >
        <span
          className="MuiSlider-rail css-14pt78w-MuiSlider-rail"
        />
        <span
          className="MuiSlider-track css-1gv0vcd-MuiSlider-track"
          style={
            Object {
              "left": "0%",
              "width": "100%",
            }
          }
        />
        <span
          className="MuiSlider-thumbColorPrimary MuiSlider-thumbSizeMedium MuiSlider-thumb css-eg0mwd-MuiSlider-thumb"
          data-index={0}
          onMouseLeave={[Function]}
          onMouseOver={[Function]}
          style={
            Object {
              "left": "0%",
              "pointerEvents": "none",
            }
          }
        >
          <input
            aria-orientation="horizontal"
            aria-valuemax={99999999}
            aria-valuemin={0}
            aria-valuenow={0}
            data-index={0}
            disabled={false}
            max={99999999}
            min={0}
            onBlur={[Function]}
            onChange={[Function]}
            onFocus={[Function]}
            step={1000}
            style={
              Object {
                "border": 0,
                "clip": "rect(0 0 0 0)",
                "direction": "ltr",
                "height": "100%",
                "margin": -1,
                "overflow": "hidden",
                "padding": 0,
                "position": "absolute",
                "whiteSpace": "nowrap",
                "width": "100%",
              }
            }
            type="range"
            value={0}
          />
          <span
            aria-hidden={true}
            className="MuiSlider-valueLabel css-1kz0hui-MuiSlider-valueLabel"
          >
            <span
              className="MuiSlider-valueLabelCircle"
            >
              <span
                className="MuiSlider-valueLabelLabel"
              >
                R$ 0,00
              </span>
            </span>
          </span>
        </span>
        <span
          className="MuiSlider-thumbColorPrimary MuiSlider-thumbSizeMedium MuiSlider-thumb css-eg0mwd-MuiSlider-thumb"
          data-index={1}
          onMouseLeave={[Function]}
          onMouseOver={[Function]}
          style={
            Object {
              "left": "100%",
              "pointerEvents": "none",
            }
          }
        >
          <input
            aria-orientation="horizontal"
            aria-valuemax={99999999}
            aria-valuemin={0}
            aria-valuenow={99999999}
            data-index={1}
            disabled={false}
            max={99999999}
            min={0}
            onBlur={[Function]}
            onChange={[Function]}
            onFocus={[Function]}
            step={1000}
            style={
              Object {
                "border": 0,
                "clip": "rect(0 0 0 0)",
                "direction": "ltr",
                "height": "100%",
                "margin": -1,
                "overflow": "hidden",
                "padding": 0,
                "position": "absolute",
                "whiteSpace": "nowrap",
                "width": "100%",
              }
            }
            type="range"
            value={99999999}
          />
          <span
            aria-hidden={true}
            className="MuiSlider-valueLabel css-1kz0hui-MuiSlider-valueLabel"
          >
            <span
              className="MuiSlider-valueLabelCircle"
            >
              <span
                className="MuiSlider-valueLabelLabel"
              >
                R$ 99.999.999,00
              </span>
            </span>
          </span>
        </span>
      </span>
    </div>
  </div>
  <button
    className="MuiButton-root MuiButton-contained MuiButton-containedWarning MuiButton-sizeMedium MuiButton-containedSizeMedium MuiButton-fullWidth MuiButtonBase-root css-13wdhlw-MuiButtonBase-root-MuiButton-root"
    data-testid="submitButton"
    disabled={false}
    onBlur={[Function]}
    onClick={[Function]}
    onContextMenu={[Function]}
    onDragLeave={[Function]}
    onFocus={[Function]}
    onKeyDown={[Function]}
    onKeyUp={[Function]}
    onMouseDown={[Function]}
    onMouseLeave={[Function]}
    onMouseUp={[Function]}
    onTouchEnd={[Function]}
    onTouchMove={[Function]}
    onTouchStart={[Function]}
    tabIndex={0}
    type="button"
  >
    Procurar Imóvel
  </button>
</div>
`;
