// Jest Snapshot v1, https://goo.gl/fbAQLP

exports[`<Plans /> matches snapshot 1`] = `
<div
  className="MuiBox-root css-uwkh73"
>
  <h4
    className="MuiTypography-root MuiTypography-h4 css-10ultvr-MuiTypography-root"
  >
    Conheça nossos planos de anúncio
  </h4>
  <h5
    className="MuiTypography-root MuiTypography-h5 css-i7xlex-MuiTypography-root"
  >
    Escolha o que melhor se encaixa para você
  </h5>
  <div
    className="MuiBox-root css-hqsvoc"
  >
    <div
      className="MuiPaper-root MuiPaper-elevation MuiPaper-rounded MuiPaper-elevation1 MuiCard-root css-9ww2aq-MuiPaper-root-MuiCard-root"
    >
      <div
        className="MuiBox-root css-1q82e8"
      >
        <p
          className="MuiTypography-root MuiTypography-h3 css-gepadz-MuiTypography-root"
        >
          Grátis
        </p>
        <p
          className="MuiTypography-root MuiTypography-body2 css-1py0gvv-MuiTypography-root"
        />
      </div>
      <div
        className="MuiCardContent-root css-6z18u9-MuiCardContent-root"
      >
        <p
          className="MuiTypography-root MuiTypography-h5 css-ag7rrr-MuiTypography-root"
        >
          Básico
        </p>
        <ul
          className="MuiList-root MuiList-padding css-1vsvtj8-MuiList-root"
        >
          <li
            className="MuiListItem-root MuiListItem-gutters css-1nxmd3h-MuiListItem-root"
            disabled={false}
          >
            <div
              className="MuiListItemIcon-root css-cveggr-MuiListItemIcon-root"
            >
              <svg
                aria-hidden={true}
                className="MuiSvgIcon-root MuiSvgIcon-fontSizeMedium css-1w3q91v-MuiSvgIcon-root"
                data-testid="CheckIcon"
                focusable="false"
                viewBox="0 0 24 24"
              >
                <path
                  d="M9 16.17 4.83 12l-1.42 1.41L9 19 21 7l-1.41-1.41z"
                />
              </svg>
            </div>
            <div
              className="MuiListItemText-root css-tlelie-MuiListItemText-root"
            >
              <p
                className="MuiTypography-root MuiTypography-body2 css-e784if-MuiTypography-root"
              >
                Duração de 7 dias
              </p>
            </div>
          </li>
          <li
            className="MuiListItem-root MuiListItem-gutters css-1nxmd3h-MuiListItem-root"
            disabled={false}
          >
            <div
              className="MuiListItemIcon-root css-cveggr-MuiListItemIcon-root"
            >
              <svg
                aria-hidden={true}
                className="MuiSvgIcon-root MuiSvgIcon-fontSizeMedium css-1w3q91v-MuiSvgIcon-root"
                data-testid="CheckIcon"
                focusable="false"
                viewBox="0 0 24 24"
              >
                <path
                  d="M9 16.17 4.83 12l-1.42 1.41L9 19 21 7l-1.41-1.41z"
                />
              </svg>
            </div>
            <div
              className="MuiListItemText-root css-tlelie-MuiListItemText-root"
            >
              <p
                className="MuiTypography-root MuiTypography-body2 css-e784if-MuiTypography-root"
              >
                Até 15 fotos
              </p>
            </div>
          </li>
          <li
            className="MuiListItem-root MuiListItem-gutters css-1nxmd3h-MuiListItem-root"
            disabled={false}
          >
            <div
              className="MuiListItemIcon-root css-cveggr-MuiListItemIcon-root"
            >
              <svg
                aria-hidden={true}
                className="MuiSvgIcon-root MuiSvgIcon-fontSizeMedium css-1w3q91v-MuiSvgIcon-root"
                data-testid="CloseIcon"
                focusable="false"
                viewBox="0 0 24 24"
              >
                <path
                  d="M19 6.41 17.59 5 12 10.59 6.41 5 5 6.41 10.59 12 5 17.59 6.41 19 12 13.41 17.59 19 19 17.59 13.41 12z"
                />
              </svg>
            </div>
            <div
              className="MuiListItemText-root css-tlelie-MuiListItemText-root"
            >
              <p
                className="MuiTypography-root MuiTypography-body2 css-e784if-MuiTypography-root"
              >
                Sem demarcação do imóvel no mapa
              </p>
            </div>
          </li>
          <li
            className="MuiListItem-root MuiListItem-gutters css-1nxmd3h-MuiListItem-root"
            disabled={false}
          >
            <div
              className="MuiListItemIcon-root css-cveggr-MuiListItemIcon-root"
            >
              <svg
                aria-hidden={true}
                className="MuiSvgIcon-root MuiSvgIcon-fontSizeMedium css-1w3q91v-MuiSvgIcon-root"
                data-testid="CloseIcon"
                focusable="false"
                viewBox="0 0 24 24"
              >
                <path
                  d="M19 6.41 17.59 5 12 10.59 6.41 5 5 6.41 10.59 12 5 17.59 6.41 19 12 13.41 17.59 19 19 17.59 13.41 12z"
                />
              </svg>
            </div>
            <div
              className="MuiListItemText-root css-tlelie-MuiListItemText-root"
            >
              <p
                className="MuiTypography-root MuiTypography-body2 css-e784if-MuiTypography-root"
              >
                Sem suporte
              </p>
            </div>
          </li>
        </ul>
        <button
          className="MuiButton-root MuiButton-text MuiButton-textPrimary MuiButton-sizeMedium MuiButton-textSizeMedium MuiButtonBase-root css-3xtg2n-MuiButtonBase-root-MuiButton-root"
          data-testid="plan-button-p1"
          disabled={false}
          onBlur={[Function]}
          onContextMenu={[Function]}
          onDragLeave={[Function]}
          onFocus={[Function]}
          onKeyDown={[Function]}
          onKeyUp={[Function]}
          onMouseDown={[Function]}
          onMouseLeave={[Function]}
          onMouseUp={[Function]}
          onTouchEnd={[Function]}
          onTouchMove={[Function]}
          onTouchStart={[Function]}
          tabIndex={0}
          type="button"
        >
          Quero esse
        </button>
      </div>
    </div>
    <div
      className="MuiPaper-root MuiPaper-elevation MuiPaper-rounded MuiPaper-elevation1 MuiCard-root css-1vtrsxw-MuiPaper-root-MuiCard-root"
    >
      <div
        className="MuiBox-root css-1enlqw"
      >
        <p
          className="MuiTypography-root MuiTypography-h3 css-gepadz-MuiTypography-root"
        >
          R$ 50
        </p>
        <p
          className="MuiTypography-root MuiTypography-body2 css-1py0gvv-MuiTypography-root"
        >
          por anúncio
        </p>
      </div>
      <div
        className="MuiCardContent-root css-trkami-MuiCardContent-root"
      >
        <p
          className="MuiTypography-root MuiTypography-h5 css-ag7rrr-MuiTypography-root"
        >
          PREMIUM
        </p>
        <ul
          className="MuiList-root MuiList-padding css-1vsvtj8-MuiList-root"
        >
          <li
            className="MuiListItem-root MuiListItem-gutters css-1nxmd3h-MuiListItem-root"
            disabled={false}
          >
            <div
              className="MuiListItemIcon-root css-cveggr-MuiListItemIcon-root"
            >
              <svg
                aria-hidden={true}
                className="MuiSvgIcon-root MuiSvgIcon-fontSizeMedium css-1w3q91v-MuiSvgIcon-root"
                data-testid="CheckIcon"
                focusable="false"
                viewBox="0 0 24 24"
              >
                <path
                  d="M9 16.17 4.83 12l-1.42 1.41L9 19 21 7l-1.41-1.41z"
                />
              </svg>
            </div>
            <div
              className="MuiListItemText-root css-tlelie-MuiListItemText-root"
            >
              <p
                className="MuiTypography-root MuiTypography-body2 css-e784if-MuiTypography-root"
              >
                Duração do anúncio de 90 dias
              </p>
            </div>
          </li>
          <li
            className="MuiListItem-root MuiListItem-gutters css-1nxmd3h-MuiListItem-root"
            disabled={false}
          >
            <div
              className="MuiListItemIcon-root css-cveggr-MuiListItemIcon-root"
            >
              <svg
                aria-hidden={true}
                className="MuiSvgIcon-root MuiSvgIcon-fontSizeMedium css-1w3q91v-MuiSvgIcon-root"
                data-testid="CheckIcon"
                focusable="false"
                viewBox="0 0 24 24"
              >
                <path
                  d="M9 16.17 4.83 12l-1.42 1.41L9 19 21 7l-1.41-1.41z"
                />
              </svg>
            </div>
            <div
              className="MuiListItemText-root css-tlelie-MuiListItemText-root"
            >
              <p
                className="MuiTypography-root MuiTypography-body2 css-e784if-MuiTypography-root"
              >
                Visibilidade aumentada na plataforma
              </p>
            </div>
          </li>
          <li
            className="MuiListItem-root MuiListItem-gutters css-1nxmd3h-MuiListItem-root"
            disabled={false}
          >
            <div
              className="MuiListItemIcon-root css-cveggr-MuiListItemIcon-root"
            >
              <svg
                aria-hidden={true}
                className="MuiSvgIcon-root MuiSvgIcon-fontSizeMedium css-1w3q91v-MuiSvgIcon-root"
                data-testid="CheckIcon"
                focusable="false"
                viewBox="0 0 24 24"
              >
                <path
                  d="M9 16.17 4.83 12l-1.42 1.41L9 19 21 7l-1.41-1.41z"
                />
              </svg>
            </div>
            <div
              className="MuiListItemText-root css-tlelie-MuiListItemText-root"
            >
              <p
                className="MuiTypography-root MuiTypography-body2 css-e784if-MuiTypography-root"
              >
                Até 30 fotos e 1 vídeo
              </p>
            </div>
          </li>
          <li
            className="MuiListItem-root MuiListItem-gutters css-1nxmd3h-MuiListItem-root"
            disabled={false}
          >
            <div
              className="MuiListItemIcon-root css-cveggr-MuiListItemIcon-root"
            >
              <svg
                aria-hidden={true}
                className="MuiSvgIcon-root MuiSvgIcon-fontSizeMedium css-1w3q91v-MuiSvgIcon-root"
                data-testid="CloseIcon"
                focusable="false"
                viewBox="0 0 24 24"
              >
                <path
                  d="M19 6.41 17.59 5 12 10.59 6.41 5 5 6.41 10.59 12 5 17.59 6.41 19 12 13.41 17.59 19 19 17.59 13.41 12z"
                />
              </svg>
            </div>
            <div
              className="MuiListItemText-root css-tlelie-MuiListItemText-root"
            >
              <p
                className="MuiTypography-root MuiTypography-body2 css-e784if-MuiTypography-root"
              >
                Sem filmagens por drone nem tratamento de fotos
              </p>
            </div>
          </li>
        </ul>
        <button
          className="MuiButton-root MuiButton-text MuiButton-textPrimary MuiButton-sizeMedium MuiButton-textSizeMedium MuiButtonBase-root css-z4v7o8-MuiButtonBase-root-MuiButton-root"
          data-testid="plan-button-p2"
          disabled={false}
          onBlur={[Function]}
          onContextMenu={[Function]}
          onDragLeave={[Function]}
          onFocus={[Function]}
          onKeyDown={[Function]}
          onKeyUp={[Function]}
          onMouseDown={[Function]}
          onMouseLeave={[Function]}
          onMouseUp={[Function]}
          onTouchEnd={[Function]}
          onTouchMove={[Function]}
          onTouchStart={[Function]}
          tabIndex={0}
          type="button"
        >
          Quero esse
        </button>
      </div>
    </div>
    <div
      className="MuiPaper-root MuiPaper-elevation MuiPaper-rounded MuiPaper-elevation1 MuiCard-root css-9ww2aq-MuiPaper-root-MuiCard-root"
    >
      <div
        className="MuiBox-root css-1q5hivw"
      >
        <p
          className="MuiTypography-root MuiTypography-h3 css-gepadz-MuiTypography-root"
        >
          A definir
        </p>
        <p
          className="MuiTypography-root MuiTypography-body2 css-1py0gvv-MuiTypography-root"
        >
          Faça uma cotação com nossos especialistas
        </p>
      </div>
      <div
        className="MuiCardContent-root css-fuewyq-MuiCardContent-root"
      >
        <p
          className="MuiTypography-root MuiTypography-h5 css-ag7rrr-MuiTypography-root"
        >
          Profissional
        </p>
        <ul
          className="MuiList-root MuiList-padding css-1vsvtj8-MuiList-root"
        >
          <li
            className="MuiListItem-root MuiListItem-gutters css-1nxmd3h-MuiListItem-root"
            disabled={false}
          >
            <div
              className="MuiListItemIcon-root css-cveggr-MuiListItemIcon-root"
            >
              <svg
                aria-hidden={true}
                className="MuiSvgIcon-root MuiSvgIcon-fontSizeMedium css-1w3q91v-MuiSvgIcon-root"
                data-testid="CheckIcon"
                focusable="false"
                viewBox="0 0 24 24"
              >
                <path
                  d="M9 16.17 4.83 12l-1.42 1.41L9 19 21 7l-1.41-1.41z"
                />
              </svg>
            </div>
            <div
              className="MuiListItemText-root css-tlelie-MuiListItemText-root"
            >
              <p
                className="MuiTypography-root MuiTypography-body2 css-e784if-MuiTypography-root"
              >
                Duração de até 365 dias
              </p>
            </div>
          </li>
          <li
            className="MuiListItem-root MuiListItem-gutters css-1nxmd3h-MuiListItem-root"
            disabled={false}
          >
            <div
              className="MuiListItemIcon-root css-cveggr-MuiListItemIcon-root"
            >
              <svg
                aria-hidden={true}
                className="MuiSvgIcon-root MuiSvgIcon-fontSizeMedium css-1w3q91v-MuiSvgIcon-root"
                data-testid="CheckIcon"
                focusable="false"
                viewBox="0 0 24 24"
              >
                <path
                  d="M9 16.17 4.83 12l-1.42 1.41L9 19 21 7l-1.41-1.41z"
                />
              </svg>
            </div>
            <div
              className="MuiListItemText-root css-tlelie-MuiListItemText-root"
            >
              <p
                className="MuiTypography-root MuiTypography-body2 css-e784if-MuiTypography-root"
              >
                Maior visibilidade da plataforma
              </p>
            </div>
          </li>
          <li
            className="MuiListItem-root MuiListItem-gutters css-1nxmd3h-MuiListItem-root"
            disabled={false}
          >
            <div
              className="MuiListItemIcon-root css-cveggr-MuiListItemIcon-root"
            >
              <svg
                aria-hidden={true}
                className="MuiSvgIcon-root MuiSvgIcon-fontSizeMedium css-1w3q91v-MuiSvgIcon-root"
                data-testid="CheckIcon"
                focusable="false"
                viewBox="0 0 24 24"
              >
                <path
                  d="M9 16.17 4.83 12l-1.42 1.41L9 19 21 7l-1.41-1.41z"
                />
              </svg>
            </div>
            <div
              className="MuiListItemText-root css-tlelie-MuiListItemText-root"
            >
              <p
                className="MuiTypography-root MuiTypography-body2 css-e784if-MuiTypography-root"
              >
                Gravação da propriedade com drones e tratamento de imagens
              </p>
            </div>
          </li>
          <li
            className="MuiListItem-root MuiListItem-gutters css-1nxmd3h-MuiListItem-root"
            disabled={false}
          >
            <div
              className="MuiListItemIcon-root css-cveggr-MuiListItemIcon-root"
            >
              <svg
                aria-hidden={true}
                className="MuiSvgIcon-root MuiSvgIcon-fontSizeMedium css-1w3q91v-MuiSvgIcon-root"
                data-testid="CheckIcon"
                focusable="false"
                viewBox="0 0 24 24"
              >
                <path
                  d="M9 16.17 4.83 12l-1.42 1.41L9 19 21 7l-1.41-1.41z"
                />
              </svg>
            </div>
            <div
              className="MuiListItemText-root css-tlelie-MuiListItemText-root"
            >
              <p
                className="MuiTypography-root MuiTypography-body2 css-e784if-MuiTypography-root"
              >
                Suporte exclusivo
              </p>
            </div>
          </li>
        </ul>
        <button
          className="MuiButton-root MuiButton-text MuiButton-textPrimary MuiButton-sizeMedium MuiButton-textSizeMedium MuiButtonBase-root css-1t7ftwz-MuiButtonBase-root-MuiButton-root"
          data-testid="plan-button-p3"
          disabled={false}
          onBlur={[Function]}
          onContextMenu={[Function]}
          onDragLeave={[Function]}
          onFocus={[Function]}
          onKeyDown={[Function]}
          onKeyUp={[Function]}
          onMouseDown={[Function]}
          onMouseLeave={[Function]}
          onMouseUp={[Function]}
          onTouchEnd={[Function]}
          onTouchMove={[Function]}
          onTouchStart={[Function]}
          tabIndex={0}
          type="button"
        >
          Quero esse
        </button>
      </div>
    </div>
  </div>
  <div
    className="MuiBox-root css-1s8uw1l"
  >
    <p
      className="MuiTypography-root MuiTypography-body1 css-1fyq76y-MuiTypography-root"
    >
      <b>
        Gratuito:
      </b>
       Recomendado para iniciantes, é uma ótima forma de testar a plataforma. Você pode testar a plataforma. Você pode criar um anúncio gratuíto da sua propriedade, com as informações gerais do imóvel, e dura 7 dias.
    </p>
    <p
      className="MuiTypography-root MuiTypography-body1 css-1fyq76y-MuiTypography-root"
    >
      <b>
        Premium:
      </b>
       Recomendado para quem já tem conteúdos da propriedade como fotos, detalhes do imóvel como tipo de solo, atividades, topografia. Ele custa R$ 50,00 e seu anúncio ganha mais visibilidade dentro da plataforma.
    </p>
    <p
      className="MuiTypography-root MuiTypography-body1 css-1fyq76y-MuiTypography-root"
    >
      <b>
        Profissional:
      </b>
       Entre em contato conosco para conversarmos e conhecermos melhor o seu imóvel rural. Iremos até a propriedade, colheremos as informações mais importanjtes dela e faremos excelentes gravações explorando o imóvel através de dones de ponta. Essa é a maneira mais fácil de vender.
    </p>
  </div>
</div>
`;
