// Jest Snapshot v1, https://goo.gl/fbAQLP

exports[`common/components/Header matches snapshot 1`] = `
<div>
  <div>
    <a
      href="/home"
    >
      <img
        alt="logo"
        src="\\"Logo.png\\""
      />
    </a>
    <button
      data-testid="menuButton"
      onClick={[Function]}
      type="button"
    >
      <svg
        fill="currentColor"
        height="1em"
        stroke="currentColor"
        strokeWidth="0"
        style={
          Object {
            "color": undefined,
          }
        }
        viewBox="0 0 24 24"
        width="1em"
        xmlns="http://www.w3.org/2000/svg"
      >
        <path
          d="M3 18h18v-2H3v2zm0-5h18v-2H3v2zm0-7v2h18V6H3z"
        />
      </svg>
    </button>
    <a
      href="/home"
    >
      <img
        alt="logo desktop"
        src="\\"Logo.svg\\""
      />
    </a>
    <p
      data-testid="greetings"
    >
      Ol√°, Tester
    </p>
    <button
      data-testid="logoutButton"
      onClick={[Function]}
      type="button"
    >
      Logout
    </button>
  </div>
</div>
`;
