// Jest Snapshot v1, https://goo.gl/fbAQLP

exports[`app/CreateProperty/Navigator matches snapshot 1`] = `
.c1 {
  cursor: pointer;
  text-align: center;
  font-family: Roboto;
  box-shadow: 0 0.2rem 0.6rem 0 rgba(0,0,0,0.7);
  padding: 0.75rem;
  border-radius: 0.25rem;
  background: #fff;
  color: #16a5df;
}

.c3 {
  cursor: pointer;
  text-align: center;
  font-family: Roboto;
  box-shadow: 0 0.2rem 0.6rem 0 rgba(0,0,0,0.7);
  padding: 0.75rem;
  border-radius: 0.25rem;
  background: #fff;
  color: #333;
}

.c0 {
  margin: 2rem 0;
  display: -webkit-box;
  display: -webkit-flex;
  display: -ms-flexbox;
  display: flex;
  -webkit-flex-direction: column-reverse;
  -ms-flex-direction: column-reverse;
  flex-direction: column-reverse;
  -webkit-box-pack: justify;
  -webkit-justify-content: space-between;
  -ms-flex-pack: justify;
  justify-content: space-between;
  padding: 0 2rem;
}

.c2 {
  margin: 1rem 0;
  text-align: center;
}

.c4 {
  background: #16a5df;
  color: #fff;
}

@media (min-width:768px) {
  .c0 {
    -webkit-flex-direction: row;
    -ms-flex-direction: row;
    flex-direction: row;
    padding: 0;
  }
}

@media (min-width:768px) {
  .c2 {
    margin: 0;
    padding: 0.75rem 3rem;
  }
}

<div
  className="c0"
>
  <button
    className="c1 c2"
    data-testid="back"
    type="button"
  >
    Voltar
  </button>
  <button
    className="c3 c2 c4"
    data-testid="next"
    type="button"
  >
    Pr√≥ximo
  </button>
</div>
`;
