// Jest Snapshot v1, https://goo.gl/fbAQLP

exports[`<CreateProperty /> matches snapshot 1`] = `
<div>
  <div>
    <h1>
      Anúncio de Imóvel Rural
    </h1>
  </div>
  <div>
    <div>
      <div>
        <p>
          1
        </p>
        <div>
          <p>
            Informações Gerais
          </p>
          <p>
            Nos fale um pouco mais sobre o seu imóvel
          </p>
        </div>
      </div>
      <div>
        <p>
          2
        </p>
        <div>
          <p>
            Informações Detalhadas
          </p>
          <p>
            Conte-nos mais detalhes sobre sua propriedade, para chamar mais a atenção
          </p>
        </div>
      </div>
      <div>
        <p>
          3
        </p>
        <div>
          <p>
            Conteúdos
          </p>
          <p>
            Você pode enviar imagens e vídeos da sua propriedade
          </p>
        </div>
      </div>
    </div>
  </div>
</div>
`;
