// Jest Snapshot v1, https://goo.gl/fbAQLP

exports[`<Property /> matches snapshot 1`] = `
<div
  className="MuiPaper-root MuiPaper-elevation MuiPaper-rounded MuiPaper-elevation1 MuiCard-root css-b24pkv-MuiPaper-root-MuiCard-root"
  data-testid="property"
  onClick={[Function]}
>
  <div
    alt="Test"
    className="MuiCardMedia-root css-muxve-MuiCardMedia-root"
    role="img"
    style={
      Object {
        "backgroundImage": "url(\\"undefined/images/testphoto.png\\")",
      }
    }
  />
  <div
    className="MuiBox-root css-imun1j"
  >
    <h6
      className="MuiTypography-root MuiTypography-h6 css-2ulfj5-MuiTypography-root"
    >
      Test
    </h6>
    <p
      className="MuiTypography-root MuiTypography-body1 css-afhmsr-MuiTypography-root"
    >
      R$Â 99.999.999
    </p>
  </div>
  <div
    className="MuiBox-root css-nb7qyz"
  >
    <div
      className="MuiBox-root css-16h10fm"
    >
      <svg
        aria-hidden={true}
        className="MuiSvgIcon-root MuiSvgIcon-colorSuccess MuiSvgIcon-fontSizeMedium css-4b67si-MuiSvgIcon-root"
        data-testid="FullscreenOutlinedIcon"
        focusable="false"
        viewBox="0 0 24 24"
      >
        <path
          d="M7 14H5v5h5v-2H7v-3zm-2-4h2V7h3V5H5v5zm12 7h-3v2h5v-5h-2v3zM14 5v2h3v3h2V5h-5z"
        />
      </svg>
      <p
        className="MuiTypography-root MuiTypography-body1 css-yyvcc2-MuiTypography-root"
      >
        20
        ha
      </p>
    </div>
    <div
      className="MuiBox-root css-16h10fm"
    >
      <svg
        aria-hidden={true}
        className="MuiSvgIcon-root MuiSvgIcon-colorSuccess MuiSvgIcon-fontSizeMedium css-4b67si-MuiSvgIcon-root"
        data-testid="SpaIcon"
        focusable="false"
        viewBox="0 0 24 24"
      >
        <path
          d="M8.55 12c-1.07-.71-2.25-1.27-3.53-1.61 1.28.34 2.46.9 3.53 1.61zm10.43-1.61c-1.29.34-2.49.91-3.57 1.64 1.08-.73 2.28-1.3 3.57-1.64z"
        />
        <path
          d="M15.49 9.63c-.18-2.79-1.31-5.51-3.43-7.63-2.14 2.14-3.32 4.86-3.55 7.63 1.28.68 2.46 1.56 3.49 2.63 1.03-1.06 2.21-1.94 3.49-2.63zm-6.5 2.65c-.14-.1-.3-.19-.45-.29.15.11.31.19.45.29zm6.42-.25c-.13.09-.27.16-.4.26.13-.1.27-.17.4-.26zM12 15.45C9.85 12.17 6.18 10 2 10c0 5.32 3.36 9.82 8.03 11.49.63.23 1.29.4 1.97.51.68-.12 1.33-.29 1.97-.51C18.64 19.82 22 15.32 22 10c-4.18 0-7.85 2.17-10 5.45z"
        />
      </svg>
      <p
        className="MuiTypography-root MuiTypography-body1 css-yyvcc2-MuiTypography-root"
      >
        testFarming
      </p>
    </div>
    <div
      className="MuiBox-root css-16h10fm"
    >
      <svg
        aria-hidden={true}
        className="MuiSvgIcon-root MuiSvgIcon-colorSuccess MuiSvgIcon-fontSizeMedium css-4b67si-MuiSvgIcon-root"
        data-testid="MapIcon"
        focusable="false"
        viewBox="0 0 24 24"
      >
        <path
          d="m20.5 3-.16.03L15 5.1 9 3 3.36 4.9c-.21.07-.36.25-.36.48V20.5c0 .28.22.5.5.5l.16-.03L9 18.9l6 2.1 5.64-1.9c.21-.07.36-.25.36-.48V3.5c0-.28-.22-.5-.5-.5zM15 19l-6-2.11V5l6 2.11V19z"
        />
      </svg>
      <p
        className="MuiTypography-root MuiTypography-body1 css-yyvcc2-MuiTypography-root"
      >
        ZZ
      </p>
    </div>
  </div>
</div>
`;
