// Jest Snapshot v1, https://goo.gl/fbAQLP

exports[`<Property /> matches snapshot 1`] = `
<div>
  <h1>
    Fazenda Campo Alto - Três Lagoas
  </h1>
  <div>
    <div>
      <div>
        <img
          alt=""
          src="test-file-stub"
        />
      </div>
      <div>
        <div>
          <div>
            <p>
              Resumo
            </p>
            <p>
              Valor: R$ 11.000,00
            </p>
            <p>
              Área: 300ha
            </p>
            <p>
              Código: #1020A
            </p>
            <p>
              Cidade mais próxima: Três Lagoas
            </p>
            <p>
              Estado: Mato Grosso do Sul
            </p>
            <p>
              Tipo de Propriedade: Fazenda
            </p>
            <p>
              Cultivo: Soja / Milho
            </p>
          </div>
          <div>
            <p>
              Atividades e Destaques
            </p>
            <ul>
              <li>
                Casa com 2 quartos
              </li>
              <li>
                Caseiro
              </li>
              <li>
                Animais domésticos
              </li>
              <li>
                Sinal de rede wifi
              </li>
              <li>
                Temporada de caça legalizada
              </li>
              <li>
                Fácil localização
              </li>
              <li>
                Cultivos alternativos
              </li>
              <li>
                Registrado
              </li>
            </ul>
          </div>
        </div>
        <div>
          <div>
            <p>
              Descrição da Propriedade
            </p>
            <p>
              Lorem ipsum dolor sit amet consectetur adipisicing elit. Eveniet consectetur sed laudantium excepturi vero earum, nostrum autem ut natus ad accusantium nobis aperiam reiciendis quam deserunt. Neque quia iste mollitia!
            </p>
          </div>
        </div>
      </div>
    </div>
    <div>
      <div>
        <img
          alt=""
          src="test-file-stub"
        />
      </div>
      <p>
        Caetano Borges
      </p>
      <p>
        Entre em contato com o proprietário pelo formulário abaixo:
      </p>
      <div>
        <div>
          <p>
            Nome
          </p>
          <span>
            <svg
              fill="currentColor"
              height={22}
              size={22}
              stroke="currentColor"
              strokeWidth="0"
              style={
                Object {
                  "color": undefined,
                }
              }
              viewBox="0 0 24 24"
              width={22}
              xmlns="http://www.w3.org/2000/svg"
            >
              <path
                d="M12,2C6.486,2,2,6.486,2,12s4.486,10,10,10s10-4.486,10-10S17.514,2,12,2z M12,20c-4.411,0-8-3.589-8-8s3.589-8,8-8 s8,3.589,8,8S16.411,20,12,20z"
              />
              <path
                d="M14.829,14.828c-0.185,0.184-0.384,0.349-0.592,0.489c-0.217,0.146-0.445,0.27-0.68,0.369 c-0.244,0.103-0.496,0.181-0.749,0.233c-0.531,0.108-1.087,0.108-1.616,0c-0.254-0.052-0.506-0.13-0.75-0.233 c-0.234-0.099-0.463-0.223-0.679-0.369c-0.209-0.141-0.408-0.305-0.593-0.489c-0.181-0.181-0.346-0.38-0.488-0.592l-1.658,1.119 c0.215,0.318,0.462,0.617,0.734,0.889c0.273,0.273,0.572,0.52,0.887,0.731c0.323,0.218,0.666,0.404,1.02,0.553 c0.365,0.154,0.744,0.272,1.128,0.35C11.189,17.959,11.596,18,12,18s0.811-0.041,1.208-0.122c0.383-0.078,0.762-0.196,1.127-0.35 c0.354-0.149,0.696-0.335,1.021-0.553c0.313-0.212,0.612-0.458,0.886-0.731c0.272-0.271,0.52-0.571,0.734-0.889l-1.658-1.119 C15.175,14.448,15.01,14.647,14.829,14.828z"
              />
              <circle
                cx="8.5"
                cy="10.5"
                r="1.5"
              />
              <circle
                cx="15.493"
                cy="10.493"
                r="1.493"
              />
            </svg>
          </span>
        </div>
        <input
          onChange={[Function]}
          placeholder="João da Silva"
        />
      </div>
      <div>
        <div>
          <p>
            E-mail
          </p>
          <span>
            <svg
              fill="currentColor"
              height={22}
              size={22}
              stroke="currentColor"
              strokeWidth="0"
              style={
                Object {
                  "color": undefined,
                }
              }
              viewBox="0 0 24 24"
              width={22}
              xmlns="http://www.w3.org/2000/svg"
            >
              <path
                d="M12,2C6.486,2,2,6.486,2,12s4.486,10,10,10s10-4.486,10-10S17.514,2,12,2z M12,20c-4.411,0-8-3.589-8-8s3.589-8,8-8 s8,3.589,8,8S16.411,20,12,20z"
              />
              <path
                d="M14.829,14.828c-0.185,0.184-0.384,0.349-0.592,0.489c-0.217,0.146-0.445,0.27-0.68,0.369 c-0.244,0.103-0.496,0.181-0.749,0.233c-0.531,0.108-1.087,0.108-1.616,0c-0.254-0.052-0.506-0.13-0.75-0.233 c-0.234-0.099-0.463-0.223-0.679-0.369c-0.209-0.141-0.408-0.305-0.593-0.489c-0.181-0.181-0.346-0.38-0.488-0.592l-1.658,1.119 c0.215,0.318,0.462,0.617,0.734,0.889c0.273,0.273,0.572,0.52,0.887,0.731c0.323,0.218,0.666,0.404,1.02,0.553 c0.365,0.154,0.744,0.272,1.128,0.35C11.189,17.959,11.596,18,12,18s0.811-0.041,1.208-0.122c0.383-0.078,0.762-0.196,1.127-0.35 c0.354-0.149,0.696-0.335,1.021-0.553c0.313-0.212,0.612-0.458,0.886-0.731c0.272-0.271,0.52-0.571,0.734-0.889l-1.658-1.119 C15.175,14.448,15.01,14.647,14.829,14.828z"
              />
              <circle
                cx="8.5"
                cy="10.5"
                r="1.5"
              />
              <circle
                cx="15.493"
                cy="10.493"
                r="1.493"
              />
            </svg>
          </span>
        </div>
        <input
          onChange={[Function]}
          placeholder="joao@dasilva.com"
        />
      </div>
      <div>
        <div>
          <p>
            Telefone
          </p>
          <span>
            <svg
              fill="currentColor"
              height={22}
              size={22}
              stroke="currentColor"
              strokeWidth="0"
              style={
                Object {
                  "color": undefined,
                }
              }
              viewBox="0 0 24 24"
              width={22}
              xmlns="http://www.w3.org/2000/svg"
            >
              <path
                d="M12,2C6.486,2,2,6.486,2,12s4.486,10,10,10s10-4.486,10-10S17.514,2,12,2z M12,20c-4.411,0-8-3.589-8-8s3.589-8,8-8 s8,3.589,8,8S16.411,20,12,20z"
              />
              <path
                d="M14.829,14.828c-0.185,0.184-0.384,0.349-0.592,0.489c-0.217,0.146-0.445,0.27-0.68,0.369 c-0.244,0.103-0.496,0.181-0.749,0.233c-0.531,0.108-1.087,0.108-1.616,0c-0.254-0.052-0.506-0.13-0.75-0.233 c-0.234-0.099-0.463-0.223-0.679-0.369c-0.209-0.141-0.408-0.305-0.593-0.489c-0.181-0.181-0.346-0.38-0.488-0.592l-1.658,1.119 c0.215,0.318,0.462,0.617,0.734,0.889c0.273,0.273,0.572,0.52,0.887,0.731c0.323,0.218,0.666,0.404,1.02,0.553 c0.365,0.154,0.744,0.272,1.128,0.35C11.189,17.959,11.596,18,12,18s0.811-0.041,1.208-0.122c0.383-0.078,0.762-0.196,1.127-0.35 c0.354-0.149,0.696-0.335,1.021-0.553c0.313-0.212,0.612-0.458,0.886-0.731c0.272-0.271,0.52-0.571,0.734-0.889l-1.658-1.119 C15.175,14.448,15.01,14.647,14.829,14.828z"
              />
              <circle
                cx="8.5"
                cy="10.5"
                r="1.5"
              />
              <circle
                cx="15.493"
                cy="10.493"
                r="1.493"
              />
            </svg>
          </span>
        </div>
        <input
          onChange={[Function]}
          placeholder="(11) 9999-9999"
        />
      </div>
      <div>
        <div>
          <p>
            Escreva aqui sua mensagem para o proprietário
          </p>
          <span>
            <svg
              fill="currentColor"
              height={22}
              size={22}
              stroke="currentColor"
              strokeWidth="0"
              style={
                Object {
                  "color": undefined,
                }
              }
              viewBox="0 0 24 24"
              width={22}
              xmlns="http://www.w3.org/2000/svg"
            >
              <path
                d="M12,2C6.486,2,2,6.486,2,12s4.486,10,10,10s10-4.486,10-10S17.514,2,12,2z M12,20c-4.411,0-8-3.589-8-8s3.589-8,8-8 s8,3.589,8,8S16.411,20,12,20z"
              />
              <path
                d="M14.829,14.828c-0.185,0.184-0.384,0.349-0.592,0.489c-0.217,0.146-0.445,0.27-0.68,0.369 c-0.244,0.103-0.496,0.181-0.749,0.233c-0.531,0.108-1.087,0.108-1.616,0c-0.254-0.052-0.506-0.13-0.75-0.233 c-0.234-0.099-0.463-0.223-0.679-0.369c-0.209-0.141-0.408-0.305-0.593-0.489c-0.181-0.181-0.346-0.38-0.488-0.592l-1.658,1.119 c0.215,0.318,0.462,0.617,0.734,0.889c0.273,0.273,0.572,0.52,0.887,0.731c0.323,0.218,0.666,0.404,1.02,0.553 c0.365,0.154,0.744,0.272,1.128,0.35C11.189,17.959,11.596,18,12,18s0.811-0.041,1.208-0.122c0.383-0.078,0.762-0.196,1.127-0.35 c0.354-0.149,0.696-0.335,1.021-0.553c0.313-0.212,0.612-0.458,0.886-0.731c0.272-0.271,0.52-0.571,0.734-0.889l-1.658-1.119 C15.175,14.448,15.01,14.647,14.829,14.828z"
              />
              <circle
                cx="8.5"
                cy="10.5"
                r="1.5"
              />
              <circle
                cx="15.493"
                cy="10.493"
                r="1.493"
              />
            </svg>
          </span>
        </div>
        <textarea
          onChange={[Function]}
          rows={5}
        />
      </div>
      <button
        className="button"
        type="button"
      >
        <p>
          Enviar mensagem ao proprietário
        </p>
        <svg
          fill="currentColor"
          height={22}
          size={22}
          stroke="currentColor"
          strokeWidth="0"
          style={
            Object {
              "color": undefined,
            }
          }
          viewBox="0 0 24 24"
          width={22}
          xmlns="http://www.w3.org/2000/svg"
        >
          <path
            d="M12 4l-1.41 1.41L16.17 11H4v2h12.17l-5.58 5.59L12 20l8-8z"
          />
        </svg>
      </button>
    </div>
  </div>
</div>
`;
