// Jest Snapshot v1, https://goo.gl/fbAQLP

exports[`common/components/input/Select should match snapshot 1`] = `
<div
  className="MuiBox-root css-pcfq5i"
>
  <div
    className="MuiBox-root css-1663l76"
  >
    <label
      className="MuiInputLabel-root MuiInputLabel-animated MuiFormLabel-root MuiFormLabel-colorPrimary Mui-error css-9npbnl-MuiFormLabel-root-MuiInputLabel-root"
    >
      Snapshot test
    </label>
    <svg
      aria-hidden={true}
      className="MuiSvgIcon-root MuiSvgIcon-colorError MuiSvgIcon-fontSizeSmall css-1efkf0c-MuiSvgIcon-root"
      data-testid="SentimentDissatisfiedIcon"
      focusable="false"
      viewBox="0 0 24 24"
    >
      <circle
        cx="15.5"
        cy="9.5"
        r="1.5"
      />
      <circle
        cx="8.5"
        cy="9.5"
        r="1.5"
      />
      <path
        d="M11.99 2C6.47 2 2 6.48 2 12s4.47 10 9.99 10C17.52 22 22 17.52 22 12S17.52 2 11.99 2zM12 20c-4.42 0-8-3.58-8-8s3.58-8 8-8 8 3.58 8 8-3.58 8-8 8zm0-3.5c.73 0 1.39.19 1.97.53.12-.14.86-.98 1.01-1.14-.85-.56-1.87-.89-2.98-.89-1.11 0-2.13.33-2.99.88.97 1.09.01.02 1.01 1.14.59-.33 1.25-.52 1.98-.52z"
      />
    </svg>
  </div>
  <div
    className="MuiOutlinedInput-root MuiInputBase-root MuiInputBase-colorPrimary Mui-error MuiInputBase-fullWidth MuiInputBase-sizeSmall MuiSelect-root css-md26zr-MuiInputBase-root-MuiOutlinedInput-root"
    onClick={[Function]}
  >
    <div
      aria-expanded="false"
      aria-haspopup="listbox"
      className="MuiSelect-select MuiSelect-outlined MuiOutlinedInput-input MuiInputBase-input MuiInputBase-inputSizeSmall css-jedpe8-MuiSelect-select-MuiInputBase-input-MuiOutlinedInput-input"
      onBlur={[Function]}
      onFocus={[Function]}
      onKeyDown={[Function]}
      onMouseDown={[Function]}
      role="button"
      tabIndex={0}
    >
      <span
        className="notranslate"
        dangerouslySetInnerHTML={
          Object {
            "__html": "&#8203;",
          }
        }
      />
    </div>
    <input
      aria-hidden={true}
      className="MuiSelect-nativeInput css-yf8vq0-MuiSelect-nativeInput"
      data-testid="select-input"
      onAnimationStart={[Function]}
      onChange={[Function]}
      tabIndex={-1}
    />
    <svg
      aria-hidden={true}
      className="MuiSvgIcon-root MuiSvgIcon-fontSizeMedium MuiSelect-icon MuiSelect-iconOutlined css-hfutr2-MuiSvgIcon-root-MuiSelect-icon"
      data-testid="ArrowDropDownIcon"
      focusable="false"
      viewBox="0 0 24 24"
    >
      <path
        d="M7 10l5 5 5-5z"
      />
    </svg>
    <fieldset
      aria-hidden={true}
      className="MuiOutlinedInput-notchedOutline css-1d3z3hw-MuiOutlinedInput-notchedOutline"
    >
      <legend
        className="css-1a1ihhj"
      >
        <span
          className="notranslate"
          dangerouslySetInnerHTML={
            Object {
              "__html": "&#8203;",
            }
          }
        />
      </legend>
    </fieldset>
  </div>
  <p
    className="MuiFormHelperText-root Mui-error css-qez4un-MuiFormHelperText-root"
  >
    Error test message
  </p>
</div>
`;
