// Jest Snapshot v1, https://goo.gl/fbAQLP

exports[`<RangeInput /> matches snapshot 1`] = `
<div>
  <button
    onClick={[Function]}
    type="button"
  >
    <p />
    <div>
      0 at√© 1
    </div>
  </button>
</div>
`;
