// Jest Snapshot v1, https://goo.gl/fbAQLP

exports[`<Footer /> matches snapshot 1`] = `
<footer>
  <hr />
  <div>
    <div>
      <p>
        Terrafinder
      </p>
    </div>
    <div>
      <p>
        Institucional
      </p>
      <ul>
        <li>
          <a
            href="/"
            onClick={[Function]}
          >
            Página Inicial
          </a>
        </li>
        <li>
          <a
            href="/about"
            onClick={[Function]}
          >
            Quem somos
          </a>
        </li>
        <li>
          <a
            href="/privacy-policy"
            onClick={[Function]}
          >
            Política de privacidade
          </a>
        </li>
        <li>
          <a
            href="/support"
            onClick={[Function]}
          >
            Fale Conosco
          </a>
        </li>
      </ul>
    </div>
    <div>
      <p>
        Funcionalidades
      </p>
      <ul>
        <li>
          <a
            href="/login"
            onClick={[Function]}
          >
            Quero anunciar meu imóvel
          </a>
        </li>
        <li>
          <a
            href="/search-property"
            onClick={[Function]}
          >
            Quero comprar um imóvel
          </a>
        </li>
        <li>
          <a
            href="/home"
            onClick={[Function]}
          >
            Preços e planos
          </a>
        </li>
      </ul>
    </div>
    <div>
      <p>
        Fique por dentro das novidades!
      </p>
      <p>
        Se inscreva em nossa newsletter para receber os anúncios com os melhores preços!
      </p>
      <form>
        <input
          data-testid="emailInput"
          onChange={[Function]}
          placeholder="Endereço de email"
          type="email"
          value=""
        />
        <button
          data-testid="registerEmail"
          onClick={[Function]}
          type="button"
        >
          Cadastrar
        </button>
      </form>
    </div>
  </div>
  <hr />
  <p>
    Copyright C 2020 Terrafinder. Todos os direitos reservados.
  </p>
</footer>
`;
