// Jest Snapshot v1, https://goo.gl/fbAQLP

exports[`<PrivateRoute /> matches snapshot 1`] = `null`;
