// Jest Snapshot v1, https://goo.gl/fbAQLP

exports[`<CheckBox /> matches snapshot 1`] = `
<button
  data-testid="checkbox"
  onClick={[Function]}
  type="button"
>
  <svg
    fill="currentColor"
    height={22}
    size={22}
    stroke="currentColor"
    strokeWidth="0"
    style={
      Object {
        "color": undefined,
      }
    }
    viewBox="0 0 24 24"
    width={22}
    xmlns="http://www.w3.org/2000/svg"
  >
    <path
      d="M19 5v14H5V5h14m0-2H5c-1.1 0-2 .9-2 2v14c0 1.1.9 2 2 2h14c1.1 0 2-.9 2-2V5c0-1.1-.9-2-2-2z"
    />
  </svg>
  <p />
</button>
`;
